#0 building with "desktop-linux" instance using docker driver

#1 [internal] load build definition from Dockerfile
#1 transferring dockerfile: 1.77kB 0.0s done
#1 DONE 0.1s

#2 [internal] load metadata for docker.io/library/python:3.12-slim
#2 DONE 2.8s

#3 [internal] load .dockerignore
#3 transferring context: 171B done
#3 DONE 0.0s

#4 [ 1/10] FROM docker.io/library/python:3.12-slim@sha256:05cda9777409a9c3ffddd94a4c476b79f0769a0b4857f0c7ed9226b6800b0d6f
#4 resolve docker.io/library/python:3.12-slim@sha256:05cda9777409a9c3ffddd94a4c476b79f0769a0b4857f0c7ed9226b6800b0d6f 0.0s done
#4 sha256:bbc5a12237474ec0b23b5051260d56d6436a24d70d9cad961adebe7a037ed813 0B / 249B 0.2s
#4 sha256:bbc5a12237474ec0b23b5051260d56d6436a24d70d9cad961adebe7a037ed813 249B / 249B 0.3s
#4 sha256:6912e23eb44595b44dc6d9882b34f305ad6f6e9667cec70b13e5dbc4f8cd97f4 0B / 12.12MB 0.2s
#4 sha256:75b6a36c64a1cf3520fc4b4aae4739d5caa8a6a05c27835a920a61784c9c32f8 0B / 1.29MB 0.2s
#4 sha256:ecc510c1e359bdc007b39802570bb7e4dec7d6ebccf357c3201a74299113e05e 0B / 29.84MB 0.2s
#4 sha256:bbc5a12237474ec0b23b5051260d56d6436a24d70d9cad961adebe7a037ed813 249B / 249B 0.3s done
#4 sha256:6912e23eb44595b44dc6d9882b34f305ad6f6e9667cec70b13e5dbc4f8cd97f4 1.05MB / 12.12MB 0.8s
#4 sha256:6912e23eb44595b44dc6d9882b34f305ad6f6e9667cec70b13e5dbc4f8cd97f4 2.10MB / 12.12MB 1.1s
#4 sha256:75b6a36c64a1cf3520fc4b4aae4739d5caa8a6a05c27835a920a61784c9c32f8 1.29MB / 1.29MB 1.1s done
#4 sha256:6912e23eb44595b44dc6d9882b34f305ad6f6e9667cec70b13e5dbc4f8cd97f4 3.15MB / 12.12MB 1.2s
#4 sha256:6912e23eb44595b44dc6d9882b34f305ad6f6e9667cec70b13e5dbc4f8cd97f4 5.24MB / 12.12MB 1.4s
#4 sha256:6912e23eb44595b44dc6d9882b34f305ad6f6e9667cec70b13e5dbc4f8cd97f4 6.29MB / 12.12MB 1.5s
#4 sha256:ecc510c1e359bdc007b39802570bb7e4dec7d6ebccf357c3201a74299113e05e 2.10MB / 29.84MB 1.4s
#4 sha256:6912e23eb44595b44dc6d9882b34f305ad6f6e9667cec70b13e5dbc4f8cd97f4 7.34MB / 12.12MB 1.7s
#4 sha256:ecc510c1e359bdc007b39802570bb7e4dec7d6ebccf357c3201a74299113e05e 4.19MB / 29.84MB 1.7s
#4 sha256:ecc510c1e359bdc007b39802570bb7e4dec7d6ebccf357c3201a74299113e05e 6.29MB / 29.84MB 1.8s
#4 sha256:6912e23eb44595b44dc6d9882b34f305ad6f6e9667cec70b13e5dbc4f8cd97f4 8.39MB / 12.12MB 2.0s
#4 sha256:6912e23eb44595b44dc6d9882b34f305ad6f6e9667cec70b13e5dbc4f8cd97f4 9.44MB / 12.12MB 2.4s
#4 sha256:ecc510c1e359bdc007b39802570bb7e4dec7d6ebccf357c3201a74299113e05e 8.39MB / 29.84MB 2.4s
#4 sha256:6912e23eb44595b44dc6d9882b34f305ad6f6e9667cec70b13e5dbc4f8cd97f4 10.49MB / 12.12MB 2.7s
#4 sha256:6912e23eb44595b44dc6d9882b34f305ad6f6e9667cec70b13e5dbc4f8cd97f4 11.53MB / 12.12MB 2.9s
#4 sha256:ecc510c1e359bdc007b39802570bb7e4dec7d6ebccf357c3201a74299113e05e 10.49MB / 29.84MB 2.7s
#4 sha256:6912e23eb44595b44dc6d9882b34f305ad6f6e9667cec70b13e5dbc4f8cd97f4 12.12MB / 12.12MB 3.0s done
#4 sha256:ecc510c1e359bdc007b39802570bb7e4dec7d6ebccf357c3201a74299113e05e 13.63MB / 29.84MB 3.0s
#4 sha256:ecc510c1e359bdc007b39802570bb7e4dec7d6ebccf357c3201a74299113e05e 16.78MB / 29.84MB 3.3s
#4 sha256:ecc510c1e359bdc007b39802570bb7e4dec7d6ebccf357c3201a74299113e05e 22.02MB / 29.84MB 3.8s
#4 sha256:ecc510c1e359bdc007b39802570bb7e4dec7d6ebccf357c3201a74299113e05e 24.12MB / 29.84MB 3.9s
#4 sha256:ecc510c1e359bdc007b39802570bb7e4dec7d6ebccf357c3201a74299113e05e 28.31MB / 29.84MB 4.2s
#4 sha256:ecc510c1e359bdc007b39802570bb7e4dec7d6ebccf357c3201a74299113e05e 29.84MB / 29.84MB 4.4s done
#4 extracting sha256:ecc510c1e359bdc007b39802570bb7e4dec7d6ebccf357c3201a74299113e05e
#4 extracting sha256:ecc510c1e359bdc007b39802570bb7e4dec7d6ebccf357c3201a74299113e05e 1.5s done
#4 extracting sha256:75b6a36c64a1cf3520fc4b4aae4739d5caa8a6a05c27835a920a61784c9c32f8
#4 extracting sha256:75b6a36c64a1cf3520fc4b4aae4739d5caa8a6a05c27835a920a61784c9c32f8 0.2s done
#4 extracting sha256:6912e23eb44595b44dc6d9882b34f305ad6f6e9667cec70b13e5dbc4f8cd97f4
#4 extracting sha256:6912e23eb44595b44dc6d9882b34f305ad6f6e9667cec70b13e5dbc4f8cd97f4 1.0s done
#4 extracting sha256:bbc5a12237474ec0b23b5051260d56d6436a24d70d9cad961adebe7a037ed813 0.0s done
#4 DONE 7.3s

#5 [ 2/10] WORKDIR /app
#5 DONE 0.3s

#6 [internal] load build context
#6 transferring context: 119.48MB 7.8s
#6 transferring context: 174.97MB 12.8s
#6 ...

#7 [ 3/10] RUN pip install torch==2.14.0 --index-url https://download.pytorch.org/whl/cpu
#7 4.061 Looking in indexes: https://download.pytorch.org/whl/cpu
#7 4.671 Collecting torch==2.14.0
#7 5.189   Downloading https://download-r2.pytorch.org/whl/cpu/torch-2.14.0%2Bcpu-cp312-cp312-manylinux_2_28_x86_64.whl.metadata (37 kB)
#7 5.267 Collecting filelock (from torch==2.14.0)
#7 5.338   Downloading filelock-3.32.3-py3-none-any.whl.metadata (2.0 kB)
#7 5.393 Collecting typing-extensions>=4.10.0 (from torch==2.14.0)
#7 5.411   Downloading typing_extensions-4.16.0-py3-none-any.whl.metadata (3.3 kB)
#7 5.434 Collecting setuptools>=77.0.3 (from torch==2.14.0)
#7 5.454   Downloading https://download.pytorch.org/whl/setuptools-78.1.0-py3-none-any.whl.metadata (6.6 kB)
#7 5.524 Collecting sympy>=1.13.3 (from torch==2.14.0)
#7 5.546   Downloading sympy-1.14.0-py3-none-any.whl.metadata (12 kB)
#7 5.641 Collecting networkx>=2.5.1 (from torch==2.14.0)
#7 5.661   Downloading networkx-3.6.1-py3-none-any.whl.metadata (6.8 kB)
#7 5.699 Collecting jinja2 (from torch==2.14.0)
#7 5.705   Downloading https://download.pytorch.org/whl/jinja2-3.1.6-py3-none-any.whl.metadata (2.9 kB)
#7 5.765 Collecting fsspec>=0.8.5 (from torch==2.14.0)
#7 5.778   Downloading fsspec-2026.7.0-py3-none-any.whl.metadata (10 kB)
#7 5.879 Collecting mpmath<1.4,>=1.1.0 (from sympy>=1.13.3->torch==2.14.0)
#7 5.892   Downloading mpmath-1.3.0-py3-none-any.whl.metadata (8.6 kB)
#7 5.938 Collecting MarkupSafe>=2.0 (from jinja2->torch==2.14.0)
#7 5.953   Downloading https://download.pytorch.org/whl/markupsafe-3.0.3-cp312-cp312-manylinux2014_x86_64.manylinux_2_17_x86_64.manylinux_2_28_x86_64.whl.metadata (2.7 kB)
#7 5.981 Downloading https://download-r2.pytorch.org/whl/cpu/torch-2.14.0%2Bcpu-cp312-cp312-manylinux_2_28_x86_64.whl (196.3 MB)
#7 ...

#6 [internal] load build context
#6 transferring context: 246.55MB 17.9s
#6 transferring context: 323.80MB 23.1s
#6 transferring context: 385.59MB 28.2s
#6 transferring context: 447.14MB 33.2s
#6 transferring context: 468.78MB 34.5s done
#6 DONE 34.6s

#7 [ 3/10] RUN pip install torch==2.14.0 --index-url https://download.pytorch.org/whl/cpu
#7 27.43    ━━━━━━━━━━━━━━━━━━━━━━━━━━━━━━━━━━━━━━━━ 196.3/196.3 MB 9.2 MB/s eta 0:00:00
#7 27.44 Downloading fsspec-2026.7.0-py3-none-any.whl (206 kB)
#7 27.47 Downloading networkx-3.6.1-py3-none-any.whl (2.1 MB)
#7 27.62    ━━━━━━━━━━━━━━━━━━━━━━━━━━━━━━━━━━━━━━━━ 2.1/2.1 MB 14.2 MB/s eta 0:00:00
#7 27.64 Downloading https://download.pytorch.org/whl/setuptools-78.1.0-py3-none-any.whl (1.3 MB)
#7 27.74    ━━━━━━━━━━━━━━━━━━━━━━━━━━━━━━━━━━━━━━━━ 1.3/1.3 MB 12.9 MB/s eta 0:00:00
#7 27.76 Downloading sympy-1.14.0-py3-none-any.whl (6.3 MB)
#7 28.72    ━━━━━━━━━━━━━━━━━━━━━━━━━━━━━━━━━━━━━━━━ 6.3/6.3 MB 6.4 MB/s eta 0:00:00
#7 28.73 Downloading typing_extensions-4.16.0-py3-none-any.whl (45 kB)
#7 28.74 Downloading filelock-3.32.3-py3-none-any.whl (98 kB)
#7 28.77 Downloading https://download.pytorch.org/whl/jinja2-3.1.6-py3-none-any.whl (134 kB)
#7 28.79 Downloading https://download.pytorch.org/whl/markupsafe-3.0.3-cp312-cp312-manylinux2014_x86_64.manylinux_2_17_x86_64.manylinux_2_28_x86_64.whl (22 kB)
#7 28.80 Downloading mpmath-1.3.0-py3-none-any.whl (536 kB)
#7 28.85    ━━━━━━━━━━━━━━━━━━━━━━━━━━━━━━━━━━━━━━━━ 536.2/536.2 kB 10.4 MB/s eta 0:00:00
#7 29.37 Installing collected packages: mpmath, typing-extensions, sympy, setuptools, networkx, MarkupSafe, fsspec, filelock, jinja2, torch
#7 50.84 Successfully installed MarkupSafe-3.0.3 filelock-3.32.3 fsspec-2026.7.0 jinja2-3.1.6 mpmath-1.3.0 networkx-3.6.1 setuptools-78.1.0 sympy-1.14.0 torch-2.14.0+cpu typing-extensions-4.16.0
#7 50.84 WARNING: Running pip as the 'root' user can result in broken permissions and conflicting behaviour with the system package manager, possibly rendering your system unusable. It is recommended to use a virtual environment instead: https://pip.pypa.io/warnings/venv. Use the --root-user-action option if you know what you are doing and want to suppress this warning.
#7 DONE 51.6s

#8 [ 4/10] COPY requirements-api.txt .
#8 DONE 0.2s

#9 [ 5/10] RUN pip install -r requirements-api.txt
#9 1.906 Collecting transformers==4.40.0 (from -r requirements-api.txt (line 4))
#9 1.960   Downloading transformers-4.40.0-py3-none-any.whl.metadata (137 kB)
#9 2.057 Collecting einops==0.8.2 (from -r requirements-api.txt (line 5))
#9 2.065   Downloading einops-0.8.2-py3-none-any.whl.metadata (13 kB)
#9 2.119 Collecting fastapi<1.0,>=0.110 (from -r requirements-api.txt (line 6))
#9 2.128   Downloading fastapi-0.142.2-py3-none-any.whl.metadata (27 kB)
#9 2.167 Collecting uvicorn>=0.29 (from uvicorn[standard]>=0.29->-r requirements-api.txt (line 7))
#9 2.173   Downloading uvicorn-0.54.0-py3-none-any.whl.metadata (6.6 kB)
#9 2.331 Collecting pydantic>=2.0 (from -r requirements-api.txt (line 8))
#9 2.339   Downloading pydantic-2.13.5-py3-none-any.whl.metadata (110 kB)
#9 2.360 Requirement already satisfied: filelock in /usr/local/lib/python3.12/site-packages (from transformers==4.40.0->-r requirements-api.txt (line 4)) (3.32.3)
#9 2.423 Collecting huggingface-hub<1.0,>=0.19.3 (from transformers==4.40.0->-r requirements-api.txt (line 4))
#9 2.428   Downloading huggingface_hub-0.36.2-py3-none-any.whl.metadata (15 kB)
#9 2.658 Collecting numpy>=1.17 (from transformers==4.40.0->-r requirements-api.txt (line 4))
#9 2.664   Downloading numpy-2.5.3-cp312-cp312-manylinux_2_27_x86_64.manylinux_2_28_x86_64.whl.metadata (6.6 kB)
#9 2.678 Collecting packaging>=20.0 (from transformers==4.40.0->-r requirements-api.txt (line 4))
#9 2.683   Downloading packaging-26.3-py3-none-any.whl.metadata (3.5 kB)
#9 2.710 Collecting pyyaml>=5.1 (from transformers==4.40.0->-r requirements-api.txt (line 4))
#9 2.718   Downloading pyyaml-6.0.3-cp312-cp312-manylinux2014_x86_64.manylinux_2_17_x86_64.manylinux_2_28_x86_64.whl.metadata (2.4 kB)
#9 3.067 Collecting regex!=2019.12.17 (from transformers==4.40.0->-r requirements-api.txt (line 4))
#9 3.073   Downloading regex-2026.9.29-cp312-cp312-manylinux2014_x86_64.manylinux_2_17_x86_64.manylinux_2_28_x86_64.whl.metadata (40 kB)
#9 3.100 Collecting requests (from transformers==4.40.0->-r requirements-api.txt (line 4))
#9 3.106   Downloading requests-2.34.2-py3-none-any.whl.metadata (4.8 kB)
#9 3.217 Collecting tokenizers<0.20,>=0.19 (from transformers==4.40.0->-r requirements-api.txt (line 4))
#9 3.225   Downloading tokenizers-0.19.1-cp312-cp312-manylinux_2_17_x86_64.manylinux2014_x86_64.whl.metadata (6.7 kB)
#9 3.315 Collecting safetensors>=0.4.1 (from transformers==4.40.0->-r requirements-api.txt (line 4))
#9 3.326   Downloading safetensors-0.8.0-cp310-abi3-manylinux_2_17_x86_64.manylinux2014_x86_64.whl.metadata (4.2 kB)
#9 3.364 Collecting tqdm>=4.27 (from transformers==4.40.0->-r requirements-api.txt (line 4))
#9 3.370   Downloading tqdm-4.70.1-py3-none-any.whl.metadata (57 kB)
#9 3.404 Collecting starlette>=0.46.0 (from fastapi<1.0,>=0.110->-r requirements-api.txt (line 6))
#9 3.417   Downloading starlette-1.7.0-py3-none-any.whl.metadata (6.6 kB)
#9 3.430 Requirement already satisfied: typing-extensions>=4.8.0 in /usr/local/lib/python3.12/site-packages (from fastapi<1.0,>=0.110->-r requirements-api.txt (line 6)) (4.16.0)
#9 3.440 Collecting typing-inspection>=0.4.2 (from fastapi<1.0,>=0.110->-r requirements-api.txt (line 6))
#9 3.453   Downloading typing_inspection-0.4.4-py3-none-any.whl.metadata (2.6 kB)
#9 3.465 Collecting annotated-doc>=0.0.2 (from fastapi<1.0,>=0.110->-r requirements-api.txt (line 6))
#9 3.471   Downloading annotated_doc-0.0.5-py3-none-any.whl.metadata (6.5 kB)
#9 3.490 Collecting opentelemetry-api>=1.44.0 (from fastapi<1.0,>=0.110->-r requirements-api.txt (line 6))
#9 3.494   Downloading opentelemetry_api-1.45.1-py3-none-any.whl.metadata (1.4 kB)
#9 3.511 Collecting click>=7.0 (from uvicorn>=0.29->uvicorn[standard]>=0.29->-r requirements-api.txt (line 7))
#9 3.519   Downloading click-8.5.0-py3-none-any.whl.metadata (2.6 kB)
#9 3.533 Collecting h11>=0.8 (from uvicorn>=0.29->uvicorn[standard]>=0.29->-r requirements-api.txt (line 7))
#9 3.541   Downloading h11-0.16.0-py3-none-any.whl.metadata (8.3 kB)
#9 3.552 Collecting annotated-types>=0.6.0 (from pydantic>=2.0->-r requirements-api.txt (line 8))
#9 3.559   Downloading annotated_types-0.8.0-py3-none-any.whl.metadata (15 kB)
#9 4.218 Collecting pydantic-core==2.46.5 (from pydantic>=2.0->-r requirements-api.txt (line 8))
#9 4.227   Downloading pydantic_core-2.46.5-cp312-cp312-manylinux_2_17_x86_64.manylinux2014_x86_64.whl.metadata (6.6 kB)
#9 4.301 Collecting httptools>=0.8.0 (from uvicorn[standard]>=0.29->-r requirements-api.txt (line 7))
#9 4.308   Downloading httptools-0.8.0-cp312-cp312-manylinux1_x86_64.manylinux_2_28_x86_64.manylinux_2_5_x86_64.whl.metadata (3.5 kB)
#9 4.341 Collecting python-dotenv>=0.13 (from uvicorn[standard]>=0.29->-r requirements-api.txt (line 7))
#9 4.356   Downloading python_dotenv-1.2.4-py3-none-any.whl.metadata (29 kB)
#9 4.424 Collecting uvloop>=0.15.1 (from uvicorn[standard]>=0.29->-r requirements-api.txt (line 7))
#9 4.429   Downloading uvloop-0.23.0-cp312-cp312-manylinux2014_x86_64.manylinux_2_17_x86_64.manylinux_2_28_x86_64.whl.metadata (5.1 kB)
#9 4.488 Collecting watchfiles>=0.20 (from uvicorn[standard]>=0.29->-r requirements-api.txt (line 7))
#9 4.496   Downloading watchfiles-1.3.0-cp310-abi3-manylinux_2_17_x86_64.manylinux2014_x86_64.whl.metadata (4.9 kB)
#9 4.624 Collecting websockets>=13.0 (from uvicorn[standard]>=0.29->-r requirements-api.txt (line 7))
#9 4.632   Downloading websockets-17.2-cp312-cp312-manylinux1_x86_64.manylinux_2_28_x86_64.manylinux_2_5_x86_64.whl.metadata (6.3 kB)
#9 4.640 Requirement already satisfied: fsspec>=2023.5.0 in /usr/local/lib/python3.12/site-packages (from huggingface-hub<1.0,>=0.19.3->transformers==4.40.0->-r requirements-api.txt (line 4)) (2026.7.0)
#9 4.679 Collecting hf-xet<2.0.0,>=1.1.3 (from huggingface-hub<1.0,>=0.19.3->transformers==4.40.0->-r requirements-api.txt (line 4))
#9 4.686   Downloading hf_xet-1.7.0-cp38-abi3-manylinux2014_x86_64.manylinux_2_17_x86_64.whl.metadata (4.9 kB)
#9 4.726 Collecting anyio<5,>=4.0.0 (from starlette>=0.46.0->fastapi<1.0,>=0.110->-r requirements-api.txt (line 6))
#9 4.734   Downloading anyio-4.15.1-py3-none-any.whl.metadata (4.7 kB)
#9 4.870 Collecting charset_normalizer<4,>=2 (from requests->transformers==4.40.0->-r requirements-api.txt (line 4))
#9 4.878   Downloading charset_normalizer-3.5.2-cp312-cp312-manylinux2014_x86_64.manylinux_2_17_x86_64.manylinux_2_28_x86_64.whl.metadata (46 kB)
#9 4.896 Collecting idna<4,>=2.5 (from requests->transformers==4.40.0->-r requirements-api.txt (line 4))
#9 4.904   Downloading idna-3.20-py3-none-any.whl.metadata (7.2 kB)
#9 4.928 Collecting urllib3<3,>=1.26 (from requests->transformers==4.40.0->-r requirements-api.txt (line 4))
#9 4.936   Downloading urllib3-2.8.0-py3-none-any.whl.metadata (7.4 kB)
#9 4.954 Collecting certifi>=2023.5.7 (from requests->transformers==4.40.0->-r requirements-api.txt (line 4))
#9 4.962   Downloading certifi-2026.7.22-py3-none-any.whl.metadata (2.5 kB)
#9 4.985 Downloading transformers-4.40.0-py3-none-any.whl (9.0 MB)
#9 5.559    ━━━━━━━━━━━━━━━━━━━━━━━━━━━━━━━━━━━━━━━━ 9.0/9.0 MB 16.0 MB/s eta 0:00:00
#9 5.564 Downloading einops-0.8.2-py3-none-any.whl (65 kB)
#9 5.573 Downloading fastapi-0.142.2-py3-none-any.whl (144 kB)
#9 5.593 Downloading uvicorn-0.54.0-py3-none-any.whl (87 kB)
#9 5.611 Downloading pydantic-2.13.5-py3-none-any.whl (472 kB)
#9 5.745 Downloading pydantic_core-2.46.5-cp312-cp312-manylinux_2_17_x86_64.manylinux2014_x86_64.whl (2.1 MB)
#9 6.716    ━━━━━━━━━━━━━━━━━━━━━━━━━━━━━━━━━━━━━━━━ 2.1/2.1 MB 2.1 MB/s eta 0:00:00
#9 6.723 Downloading annotated_doc-0.0.5-py3-none-any.whl (5.3 kB)
#9 6.736 Downloading annotated_types-0.8.0-py3-none-any.whl (13 kB)
#9 6.750 Downloading click-8.5.0-py3-none-any.whl (125 kB)
#9 6.792 Downloading h11-0.16.0-py3-none-any.whl (37 kB)
#9 6.802 Downloading httptools-0.8.0-cp312-cp312-manylinux1_x86_64.manylinux_2_28_x86_64.manylinux_2_5_x86_64.whl (523 kB)
#9 6.874 Downloading huggingface_hub-0.36.2-py3-none-any.whl (566 kB)
#9 6.968    ━━━━━━━━━━━━━━━━━━━━━━━━━━━━━━━━━━━━━━━━ 566.4/566.4 kB 4.6 MB/s eta 0:00:00
#9 6.976 Downloading numpy-2.5.3-cp312-cp312-manylinux_2_27_x86_64.manylinux_2_28_x86_64.whl (16.7 MB)
#9 10.16    ━━━━━━━━━━━━━━━━━━━━━━━━━━━━━━━━━━━━━━━━ 16.7/16.7 MB 5.2 MB/s eta 0:00:00
#9 10.17 Downloading opentelemetry_api-1.45.1-py3-none-any.whl (60 kB)
#9 10.18 Downloading packaging-26.3-py3-none-any.whl (129 kB)
#9 10.22 Downloading python_dotenv-1.2.4-py3-none-any.whl (23 kB)
#9 10.25 Downloading pyyaml-6.0.3-cp312-cp312-manylinux2014_x86_64.manylinux_2_17_x86_64.manylinux_2_28_x86_64.whl (807 kB)
#9 10.36    ━━━━━━━━━━━━━━━━━━━━━━━━━━━━━━━━━━━━━━━━ 807.9/807.9 kB 12.4 MB/s eta 0:00:00
#9 10.37 Downloading regex-2026.9.29-cp312-cp312-manylinux2014_x86_64.manylinux_2_17_x86_64.manylinux_2_28_x86_64.whl (807 kB)
#9 10.46    ━━━━━━━━━━━━━━━━━━━━━━━━━━━━━━━━━━━━━━━━ 807.8/807.8 kB 8.6 MB/s eta 0:00:00
#9 10.46 Downloading safetensors-0.8.0-cp310-abi3-manylinux_2_17_x86_64.manylinux2014_x86_64.whl (516 kB)
#9 10.57 Downloading starlette-1.7.0-py3-none-any.whl (78 kB)
#9 10.59 Downloading tokenizers-0.19.1-cp312-cp312-manylinux_2_17_x86_64.manylinux2014_x86_64.whl (3.6 MB)
#9 11.13    ━━━━━━━━━━━━━━━━━━━━━━━━━━━━━━━━━━━━━━━━ 3.6/3.6 MB 6.6 MB/s eta 0:00:00
#9 11.13 Downloading tqdm-4.70.1-py3-none-any.whl (80 kB)
#9 11.14 Downloading typing_inspection-0.4.4-py3-none-any.whl (14 kB)
#9 11.15 Downloading uvloop-0.23.0-cp312-cp312-manylinux2014_x86_64.manylinux_2_17_x86_64.manylinux_2_28_x86_64.whl (4.5 MB)
#9 11.56    ━━━━━━━━━━━━━━━━━━━━━━━━━━━━━━━━━━━━━━━━ 4.5/4.5 MB 10.9 MB/s eta 0:00:00
#9 11.62 Downloading watchfiles-1.3.0-cp310-abi3-manylinux_2_17_x86_64.manylinux2014_x86_64.whl (458 kB)
#9 11.85 Downloading websockets-17.2-cp312-cp312-manylinux1_x86_64.manylinux_2_28_x86_64.manylinux_2_5_x86_64.whl (225 kB)
#9 11.89 Downloading requests-2.34.2-py3-none-any.whl (73 kB)
#9 11.90 Downloading anyio-4.15.1-py3-none-any.whl (132 kB)
#9 11.91 Downloading certifi-2026.7.22-py3-none-any.whl (136 kB)
#9 11.93 Downloading charset_normalizer-3.5.2-cp312-cp312-manylinux2014_x86_64.manylinux_2_17_x86_64.manylinux_2_28_x86_64.whl (257 kB)
#9 11.95 Downloading hf_xet-1.7.0-cp38-abi3-manylinux2014_x86_64.manylinux_2_17_x86_64.whl (4.2 MB)
#9 12.43    ━━━━━━━━━━━━━━━━━━━━━━━━━━━━━━━━━━━━━━━━ 4.2/4.2 MB 8.6 MB/s eta 0:00:00
#9 12.43 Downloading idna-3.20-py3-none-any.whl (69 kB)
#9 12.45 Downloading urllib3-2.8.0-py3-none-any.whl (135 kB)
#9 12.69 Installing collected packages: websockets, uvloop, urllib3, typing-inspection, tqdm, safetensors, regex, pyyaml, python-dotenv, pydantic-core, packaging, opentelemetry-api, numpy, idna, httptools, hf-xet, h11, einops, click, charset_normalizer, certifi, annotated-types, annotated-doc, uvicorn, requests, pydantic, anyio, watchfiles, starlette, huggingface-hub, tokenizers, fastapi, transformers
#9 24.08 Successfully installed annotated-doc-0.0.5 annotated-types-0.8.0 anyio-4.15.1 certifi-2026.7.22 charset_normalizer-3.5.2 click-8.5.0 einops-0.8.2 fastapi-0.142.2 h11-0.16.0 hf-xet-1.7.0 httptools-0.8.0 huggingface-hub-0.36.2 idna-3.20 numpy-2.5.3 opentelemetry-api-1.45.1 packaging-26.3 pydantic-2.13.5 pydantic-core-2.46.5 python-dotenv-1.2.4 pyyaml-6.0.3 regex-2026.9.29 requests-2.34.2 safetensors-0.8.0 starlette-1.7.0 tokenizers-0.19.1 tqdm-4.70.1 transformers-4.40.0 typing-inspection-0.4.4 urllib3-2.8.0 uvicorn-0.54.0 uvloop-0.23.0 watchfiles-1.3.0 websockets-17.2
#9 24.08 WARNING: Running pip as the 'root' user can result in broken permissions and conflicting behaviour with the system package manager, possibly rendering your system unusable. It is recommended to use a virtual environment instead: https://pip.pypa.io/warnings/venv. Use the --root-user-action option if you know what you are doing and want to suppress this warning.
#9 24.18 
#9 24.18 [notice] A new release of pip is available: 25.0.1 -> 26.2.1
#9 24.18 [notice] To update, run: pip install --upgrade pip
#9 DONE 24.7s

#10 [ 6/10] COPY checkpoints/ ./checkpoints/
#10 DONE 6.0s

#11 [ 7/10] COPY src/predict.py src/patch_dnabert2.py src/paths.py ./src/
#11 DONE 0.1s

#12 [ 8/10] RUN python -c "import sys; sys.path.insert(0, 'src'); from predict import load; load(); print('model cache baked')"  && find /root/.cache/huggingface/hub -path '*DNABERT-2-117M/snapshots/*' ( -name '*.bin' -o -name '*.safetensors' )       -exec sh -c 'rm -f "$(readlink -f "$1")" "$1"' _ {} ;  && du -sh /root/.cache/huggingface
#12 5.888 Fetching 12 files:   0%|          | 0/12 [00:00<?, ?it/s]Fetching 12 files:  67%|██████▋   | 8/12 [00:00<00:00, 17.79it/s]Fetching 12 files:  92%|█████████▏| 11/12 [00:20<00:01,  1.82s/it]Fetching 12 files: 100%|██████████| 12/12 [01:06<00:00,  5.55s/it]Fetching 12 files: 100%|██████████| 12/12 [01:06<00:00,  5.55s/it]
#12 72.50 /usr/local/lib/python3.12/site-packages/huggingface_hub/file_download.py:949: FutureWarning: `resume_download` is deprecated and will be removed in version 1.0.0. Downloads always resume when possible. If you want to force a new download, use `force_download=True`.
#12 72.50   warnings.warn(
#12 73.59 /root/.cache/huggingface/modules/transformers_modules/best_model/bert_layers.py:126: UserWarning: Unable to import Triton; defaulting MosaicBERT attention implementation to pytorch (this will reduce throughput when using this model).
#12 73.59   warnings.warn(
#12 77.81 model cache baked
#12 79.76 488K	/root/.cache/huggingface
#12 DONE 80.0s

#13 [ 9/10] COPY app.py .
#13 DONE 0.1s

#14 [10/10] COPY static/ ./static/
#14 DONE 0.1s

#15 exporting to image
#15 exporting layers
#15 exporting layers 43.0s done
#15 exporting manifest sha256:311c8f33ecc24aba24d954d56ddf7d5bef71ffdc7503d12f5ad0229bbb16cb10 0.0s done
#15 exporting config sha256:baea061852b7b18e347a00ad03f9dc84b53b7f747fd446c86b6b933fceb665dc 0.0s done
#15 exporting attestation manifest sha256:7aa72567763632e27ee7b9c324bc6574f8a7157f4165789688af5c828b85a275 0.0s done
#15 exporting manifest list sha256:de9013486d75250f57997e3de44097e7506e0305bbfa446324910731aa0f791e 0.0s done
#15 naming to docker.io/library/genepromoter-api:1.0 0.0s done
#15 unpacking to docker.io/library/genepromoter-api:1.0
#15 unpacking to docker.io/library/genepromoter-api:1.0 32.8s done
#15 DONE 76.2s
BUILD EXIT CODE: 0, took 258s
